// Jest Snapshot v1, https://goo.gl/fbAQLP

exports[`Application renders correctly 1`] = `
<div
  className="layout"
>
  <main
    className="wrapper"
  >
    <Navigation
      currentUser={
        Object {
          "email": "test@test.com",
          "id": 1,
          "password": "password",
        }
      }
      loggedIn={true}
      logout={[Function]}
      signin={[Function]}
      signup={[Function]}
    />
    <div />
  </main>
  <Footer />
  <Connect(ModalContainer) />
</div>
`;
