// Jest Snapshot v1, https://goo.gl/fbAQLP

exports[`Main renders correctly 1`] = `
<div
  className="container"
>
  <div
    className="jumbotron"
  >
    <h1>
      React-base
    </h1>
    <p>
      Kick-start your new web application based on React and Redux technologies.
      <br />
      It also includes Webpack, React hot loader, PostCSS, JSON-server tools for even more rapid development.
    </p>
  </div>
</div>
`;

exports[`Main when session is created renders Todo container 1`] = `
<div
  className="container"
>
  <div
    className="show-grid row"
  >
    <div
      className="col-md-8"
    >
      <h2>
        Todo List
      </h2>
    </div>
    <div
      className="col-md-4"
    >
      <button
        className="btn btn-primary pull-right spacingTop btn btn-primary"
        disabled={false}
        onClick={[Function]}
        type="button"
      >
        New Task
      </button>
    </div>
  </div>
  <div
    className="show-grid row"
  >
    <div
      className="col-md-6"
    >
      <h3
        className="spacing-bottom"
      >
        Incomplete
      </h3>
      <ul
        className="list-group"
      />
    </div>
    <div
      className="col-md-6"
    >
      <h3
        className="spacing-bottom"
      >
        Complete
      </h3>
      <ul
        className="list-group"
      />
    </div>
  </div>
</div>
`;
