// Jest Snapshot v1, https://goo.gl/fbAQLP

exports[`Todo renders correctly 1`] = `
<CSSTransitionGroup
  transitionAppear={true}
  transitionEnter={true}
  transitionLeave={true}
  transitionName={
    Object {
      "appear": "appear",
      "appearActive": "appearActive",
      "enter": "enter",
      "enterActive": "enterActive",
      "leave": "leave",
      "leaveActive": "leaveActive",
    }
  }
>
  <ListGroupItem
    bsClass="list-group-item"
    listItem={false}
    onClick={[Function]}
  >
    <span>
      Something to do
    </span>
    <span
      className="glyphicon glyphicon-trash iconTrash"
      onClick={[Function]}
    />
  </ListGroupItem>
</CSSTransitionGroup>
`;
