// Jest Snapshot v1, https://goo.gl/fbAQLP

exports[`TodoList renders correctly 1`] = `
<div
  className="list-group"
>
  <CSSTransitionGroup
    transitionAppear={true}
    transitionName={
      Object {
        "appear": "appear",
        "appearActive": "appearActive",
        "enter": "enter",
        "enterActive": "enterActive",
        "leave": "leave",
        "leaveActive": "leaveActive",
      }
    }
  >
    <button
      className="list-group-item"
      onClick={[Function]}
      type="button"
    >
      <span>
        Something to do 1
      </span>
      <span
        className="glyphicon glyphicon-trash iconTrash"
        onClick={[Function]}
      />
    </button>
  </CSSTransitionGroup>
  <CSSTransitionGroup
    transitionAppear={true}
    transitionName={
      Object {
        "appear": "appear",
        "appearActive": "appearActive",
        "enter": "enter",
        "enterActive": "enterActive",
        "leave": "leave",
        "leaveActive": "leaveActive",
      }
    }
  >
    <button
      className="list-group-item"
      onClick={[Function]}
      type="button"
    >
      <span>
        Something to do 2
      </span>
      <span
        className="glyphicon glyphicon-trash iconTrash"
        onClick={[Function]}
      />
    </button>
  </CSSTransitionGroup>
  <CSSTransitionGroup
    transitionAppear={true}
    transitionName={
      Object {
        "appear": "appear",
        "appearActive": "appearActive",
        "enter": "enter",
        "enterActive": "enterActive",
        "leave": "leave",
        "leaveActive": "leaveActive",
      }
    }
  >
    <button
      className="list-group-item"
      onClick={[Function]}
      type="button"
    >
      <span>
        Something to do 3
      </span>
      <span
        className="glyphicon glyphicon-trash iconTrash"
        onClick={[Function]}
      />
    </button>
  </CSSTransitionGroup>
</div>
`;
