// Jest Snapshot v1, https://goo.gl/fbAQLP

exports[`About renders correctly 1`] = `
<div
  className="container"
>
  <article>
    <h1>
      About
    </h1>
    <p>
      Kick-start your new web application based on React and Redux technologies.
    </p>
    <a
      href="/about/extended/test_id"
      onClick={[Function]}
    >
      show details...
    </a>
  </article>
</div>
`;
